https://docs.pytest.org/en/latest/customize.html